
Running 1 test using 1 worker

[1A[2K[1/1] [chromium] ÔÇ║ tests\dxf-accuracy.spec.ts:90:5 ÔÇ║ DXF Export Accuracy ÔÇ║ DXF accuracy score >= 80%
[1A[2K  1) [chromium] ÔÇ║ tests\dxf-accuracy.spec.ts:90:5 ÔÇ║ DXF Export Accuracy ÔÇ║ DXF accuracy score >= 80% 

    Error: locator.click: Error: strict mode violation: locator('button').filter({ hasText: /Export|Order/ }) resolved to 2 elements:
        1) <button class="text-sm tracking-wide text-oak hover:text-charcoal transition-colors">Export</button> aka getByRole('button', { name: 'Export', exact: true })
        2) <button class="w-full py-3 bg-oak text-charcoal font-medium rounded-lg hover:bg-cream transition-colors">Export & Order</button> aka getByRole('button', { name: 'Export & Order' })

    Call log:
    [2m  - waiting for locator('button').filter({ hasText: /Export|Order/ })[22m


      104 |         // Export DXF
      105 |         const exportBtn = page.locator('button', { hasText: /Export|Order/ })
    > 106 |         await exportBtn.click()
          |                         ^
      107 |         await page.waitForTimeout(500)
      108 |
      109 |         const downloadPromise = page.waitForEvent('download')
        at D:\dev\paradecor\tests\dxf-accuracy.spec.ts:106:25

    Error Context: test-results\dxf-accuracy-DXF-Export-Accuracy-DXF-accuracy-score-80--chromium\error-context.md


[1A[2K  1 failed
    [chromium] ÔÇ║ tests\dxf-accuracy.spec.ts:90:5 ÔÇ║ DXF Export Accuracy ÔÇ║ DXF accuracy score >= 80% ÔöÇ

To open last HTML report run:
[36m[39m
[36m  npx playwright show-report[39m
[36m[39m
